14.139.235.210 - - [03/Mar/2019:02:35:24 +0000] "GET / HTTP/1.1" 200 1537 "-" "Mozilla/5.0 (X11; Linux x86_64) AppleWebKit/537.36 (KHTML, like Gecko) Chrome/69.0.3497.92 Safari/537.36"
14.139.235.210 - - [03/Mar/2019:02:35:24 +0000] "GET /static/css/main.css HTTP/1.1" 200 24 "http://13.127.1.137/" "Mozilla/5.0 (X11; Linux x86_64) AppleWebKit/537.36 (KHTML, like Gecko) Chrome/69.0.3497.92 Safari/537.36"
14.139.235.210 - - [03/Mar/2019:02:35:24 +0000] "GET /static/image/beach.jpg HTTP/1.1" 200 12782 "http://13.127.1.137/" "Mozilla/5.0 (X11; Linux x86_64) AppleWebKit/537.36 (KHTML, like Gecko) Chrome/69.0.3497.92 Safari/537.36"
14.139.235.210 - - [03/Mar/2019:02:35:24 +0000] "GET /static/js/csrf.ajax.js HTTP/1.1" 200 1121 "http://13.127.1.137/" "Mozilla/5.0 (X11; Linux x86_64) AppleWebKit/537.36 (KHTML, like Gecko) Chrome/69.0.3497.92 Safari/537.36"
14.139.235.210 - - [03/Mar/2019:02:35:24 +0000] "GET /static/js/ecommerce.js HTTP/1.1" 200 5438 "http://13.127.1.137/" "Mozilla/5.0 (X11; Linux x86_64) AppleWebKit/537.36 (KHTML, like Gecko) Chrome/69.0.3497.92 Safari/537.36"
14.139.235.210 - - [03/Mar/2019:02:36:07 +0000] "GET /admin/ HTTP/1.1" 302 0 "-" "Mozilla/5.0 (X11; Linux x86_64) AppleWebKit/537.36 (KHTML, like Gecko) Chrome/69.0.3497.92 Safari/537.36"
14.139.235.210 - - [03/Mar/2019:02:36:08 +0000] "GET /admin/login/?next=/admin/ HTTP/1.1" 200 777 "-" "Mozilla/5.0 (X11; Linux x86_64) AppleWebKit/537.36 (KHTML, like Gecko) Chrome/69.0.3497.92 Safari/537.36"
14.139.235.210 - - [03/Mar/2019:02:36:08 +0000] "GET /static/admin/css/base.css HTTP/1.1" 200 16066 "http://13.127.1.137/admin/login/?next=/admin/" "Mozilla/5.0 (X11; Linux x86_64) AppleWebKit/537.36 (KHTML, like Gecko) Chrome/69.0.3497.92 Safari/537.36"
14.139.235.210 - - [03/Mar/2019:02:36:08 +0000] "GET /static/admin/css/login.css HTTP/1.1" 200 1203 "http://13.127.1.137/admin/login/?next=/admin/" "Mozilla/5.0 (X11; Linux x86_64) AppleWebKit/537.36 (KHTML, like Gecko) Chrome/69.0.3497.92 Safari/537.36"
14.139.235.210 - - [03/Mar/2019:02:36:08 +0000] "GET /static/admin/css/fonts.css HTTP/1.1" 200 423 "http://13.127.1.137/admin/login/?next=/admin/" "Mozilla/5.0 (X11; Linux x86_64) AppleWebKit/537.36 (KHTML, like Gecko) Chrome/69.0.3497.92 Safari/537.36"
14.139.235.210 - - [03/Mar/2019:02:36:09 +0000] "GET /static/admin/fonts/Roboto-Regular-webfont.woff HTTP/1.1" 200 80304 "http://13.127.1.137/static/admin/css/fonts.css" "Mozilla/5.0 (X11; Linux x86_64) AppleWebKit/537.36 (KHTML, like Gecko) Chrome/69.0.3497.92 Safari/537.36"
14.139.235.210 - - [03/Mar/2019:02:36:09 +0000] "GET /static/admin/fonts/Roboto-Light-webfont.woff HTTP/1.1" 200 81348 "http://13.127.1.137/static/admin/css/fonts.css" "Mozilla/5.0 (X11; Linux x86_64) AppleWebKit/537.36 (KHTML, like Gecko) Chrome/69.0.3497.92 Safari/537.36"
103.113.96.224 - - [03/Mar/2019:02:36:10 +0000] "GET / HTTP/1.1" 200 1537 "-" "Mozilla/5.0 (X11; Linux x86_64) AppleWebKit/537.36 (KHTML, like Gecko) Chrome/72.0.3626.119 Safari/537.36"
103.113.96.224 - - [03/Mar/2019:02:36:10 +0000] "GET /static/css/main.css HTTP/1.1" 200 24 "http://13.127.1.137/" "Mozilla/5.0 (X11; Linux x86_64) AppleWebKit/537.36 (KHTML, like Gecko) Chrome/72.0.3626.119 Safari/537.36"
103.113.96.224 - - [03/Mar/2019:02:36:10 +0000] "GET /static/image/beach.jpg HTTP/1.1" 200 12782 "http://13.127.1.137/" "Mozilla/5.0 (X11; Linux x86_64) AppleWebKit/537.36 (KHTML, like Gecko) Chrome/72.0.3626.119 Safari/537.36"
103.113.96.224 - - [03/Mar/2019:02:36:11 +0000] "GET /static/js/csrf.ajax.js HTTP/1.1" 200 1121 "http://13.127.1.137/" "Mozilla/5.0 (X11; Linux x86_64) AppleWebKit/537.36 (KHTML, like Gecko) Chrome/72.0.3626.119 Safari/537.36"
103.113.96.224 - - [03/Mar/2019:02:36:11 +0000] "GET /static/js/ecommerce.js HTTP/1.1" 200 5438 "http://13.127.1.137/" "Mozilla/5.0 (X11; Linux x86_64) AppleWebKit/537.36 (KHTML, like Gecko) Chrome/72.0.3626.119 Safari/537.36"
103.113.96.224 - - [03/Mar/2019:02:36:12 +0000] "GET /favicon.ico HTTP/1.1" 404 1199 "http://13.127.1.137/" "Mozilla/5.0 (X11; Linux x86_64) AppleWebKit/537.36 (KHTML, like Gecko) Chrome/72.0.3626.119 Safari/537.36"
14.139.235.210 - - [03/Mar/2019:02:36:26 +0000] "POST /admin/login/?next=/admin/ HTTP/1.1" 200 889 "http://13.127.1.137/admin/login/?next=/admin/" "Mozilla/5.0 (X11; Linux x86_64) AppleWebKit/537.36 (KHTML, like Gecko) Chrome/69.0.3497.92 Safari/537.36"
14.139.235.210 - - [03/Mar/2019:02:36:26 +0000] "GET /static/admin/fonts/Roboto-Bold-webfont.woff HTTP/1.1" 200 82564 "http://13.127.1.137/static/admin/css/fonts.css" "Mozilla/5.0 (X11; Linux x86_64) AppleWebKit/537.36 (KHTML, like Gecko) Chrome/69.0.3497.92 Safari/537.36"
103.113.96.224 - - [03/Mar/2019:02:36:30 +0000] "GET / HTTP/1.1" 200 1537 "-" "Mozilla/5.0 (X11; Linux x86_64) AppleWebKit/537.36 (KHTML, like Gecko) Chrome/72.0.3626.119 Safari/537.36"
103.113.96.224 - - [03/Mar/2019:02:36:36 +0000] "GET /admin HTTP/1.1" 301 0 "-" "Mozilla/5.0 (X11; Linux x86_64) AppleWebKit/537.36 (KHTML, like Gecko) Chrome/72.0.3626.119 Safari/537.36"
103.113.96.224 - - [03/Mar/2019:02:36:36 +0000] "GET /admin/ HTTP/1.1" 302 0 "-" "Mozilla/5.0 (X11; Linux x86_64) AppleWebKit/537.36 (KHTML, like Gecko) Chrome/72.0.3626.119 Safari/537.36"
103.113.96.224 - - [03/Mar/2019:02:36:36 +0000] "GET /admin/login/?next=/admin/ HTTP/1.1" 200 778 "-" "Mozilla/5.0 (X11; Linux x86_64) AppleWebKit/537.36 (KHTML, like Gecko) Chrome/72.0.3626.119 Safari/537.36"
103.113.96.224 - - [03/Mar/2019:02:36:36 +0000] "GET /static/admin/css/login.css HTTP/1.1" 200 1203 "http://13.127.1.137/admin/login/?next=/admin/" "Mozilla/5.0 (X11; Linux x86_64) AppleWebKit/537.36 (KHTML, like Gecko) Chrome/72.0.3626.119 Safari/537.36"
103.113.96.224 - - [03/Mar/2019:02:36:36 +0000] "GET /static/admin/css/base.css HTTP/1.1" 200 16066 "http://13.127.1.137/admin/login/?next=/admin/" "Mozilla/5.0 (X11; Linux x86_64) AppleWebKit/537.36 (KHTML, like Gecko) Chrome/72.0.3626.119 Safari/537.36"
103.113.96.224 - - [03/Mar/2019:02:36:37 +0000] "GET /static/admin/css/fonts.css HTTP/1.1" 200 423 "http://13.127.1.137/admin/login/?next=/admin/" "Mozilla/5.0 (X11; Linux x86_64) AppleWebKit/537.36 (KHTML, like Gecko) Chrome/72.0.3626.119 Safari/537.36"
103.113.96.224 - - [03/Mar/2019:02:36:37 +0000] "GET /static/admin/fonts/Roboto-Regular-webfont.woff HTTP/1.1" 200 80304 "http://13.127.1.137/static/admin/css/fonts.css" "Mozilla/5.0 (X11; Linux x86_64) AppleWebKit/537.36 (KHTML, like Gecko) Chrome/72.0.3626.119 Safari/537.36"
103.113.96.224 - - [03/Mar/2019:02:36:37 +0000] "GET /static/admin/fonts/Roboto-Light-webfont.woff HTTP/1.1" 200 81348 "http://13.127.1.137/static/admin/css/fonts.css" "Mozilla/5.0 (X11; Linux x86_64) AppleWebKit/537.36 (KHTML, like Gecko) Chrome/72.0.3626.119 Safari/537.36"
14.139.235.210 - - [03/Mar/2019:02:36:42 +0000] "POST /admin/login/?next=/admin/ HTTP/1.1" 302 0 "http://13.127.1.137/admin/login/?next=/admin/" "Mozilla/5.0 (X11; Linux x86_64) AppleWebKit/537.36 (KHTML, like Gecko) Chrome/69.0.3497.92 Safari/537.36"
14.139.235.210 - - [03/Mar/2019:02:36:42 +0000] "GET /admin/ HTTP/1.1" 200 1502 "http://13.127.1.137/admin/login/?next=/admin/" "Mozilla/5.0 (X11; Linux x86_64) AppleWebKit/537.36 (KHTML, like Gecko) Chrome/69.0.3497.92 Safari/537.36"
14.139.235.210 - - [03/Mar/2019:02:36:42 +0000] "GET /static/admin/css/dashboard.css HTTP/1.1" 200 412 "http://13.127.1.137/admin/" "Mozilla/5.0 (X11; Linux x86_64) AppleWebKit/537.36 (KHTML, like Gecko) Chrome/69.0.3497.92 Safari/537.36"
14.139.235.210 - - [03/Mar/2019:02:36:43 +0000] "GET /static/admin/img/icon-changelink.svg HTTP/1.1" 200 380 "http://13.127.1.137/static/admin/css/base.css" "Mozilla/5.0 (X11; Linux x86_64) AppleWebKit/537.36 (KHTML, like Gecko) Chrome/69.0.3497.92 Safari/537.36"
14.139.235.210 - - [03/Mar/2019:02:36:43 +0000] "GET /static/admin/img/icon-deletelink.svg HTTP/1.1" 200 392 "http://13.127.1.137/static/admin/css/base.css" "Mozilla/5.0 (X11; Linux x86_64) AppleWebKit/537.36 (KHTML, like Gecko) Chrome/69.0.3497.92 Safari/537.36"
14.139.235.210 - - [03/Mar/2019:02:36:43 +0000] "GET /static/admin/img/icon-addlink.svg HTTP/1.1" 200 331 "http://13.127.1.137/static/admin/css/base.css" "Mozilla/5.0 (X11; Linux x86_64) AppleWebKit/537.36 (KHTML, like Gecko) Chrome/69.0.3497.92 Safari/537.36"
103.113.96.224 - - [03/Mar/2019:02:36:45 +0000] "GET / HTTP/1.1" 200 1537 "-" "Mozilla/5.0 (X11; Linux x86_64) AppleWebKit/537.36 (KHTML, like Gecko) Chrome/72.0.3626.119 Safari/537.36"
103.113.96.224 - - [03/Mar/2019:02:36:50 +0000] "GET / HTTP/1.1" 200 1537 "http://13.127.1.137/" "Mozilla/5.0 (X11; Linux x86_64) AppleWebKit/537.36 (KHTML, like Gecko) Chrome/72.0.3626.119 Safari/537.36"
103.113.96.224 - - [03/Mar/2019:02:36:58 +0000] "GET /products/ HTTP/1.1" 200 2202 "http://13.127.1.137/" "Mozilla/5.0 (X11; Linux x86_64) AppleWebKit/537.36 (KHTML, like Gecko) Chrome/72.0.3626.119 Safari/537.36"
103.113.96.224 - - [03/Mar/2019:02:36:58 +0000] "GET /media/products/2368569.jpeg HTTP/1.1" 404 209 "http://13.127.1.137/products/" "Mozilla/5.0 (X11; Linux x86_64) AppleWebKit/537.36 (KHTML, like Gecko) Chrome/72.0.3626.119 Safari/537.36"
103.113.96.224 - - [03/Mar/2019:02:36:58 +0000] "GET /media/products/580884.jpg HTTP/1.1" 200 18690 "http://13.127.1.137/products/" "Mozilla/5.0 (X11; Linux x86_64) AppleWebKit/537.36 (KHTML, like Gecko) Chrome/72.0.3626.119 Safari/537.36"
103.113.96.224 - - [03/Mar/2019:02:36:58 +0000] "GET /media/products/1479786.jpg HTTP/1.1" 200 23248 "http://13.127.1.137/products/" "Mozilla/5.0 (X11; Linux x86_64) AppleWebKit/537.36 (KHTML, like Gecko) Chrome/72.0.3626.119 Safari/537.36"
103.113.96.224 - - [03/Mar/2019:02:36:58 +0000] "GET /media/products/1235411.jpeg HTTP/1.1" 200 10594 "http://13.127.1.137/products/" "Mozilla/5.0 (X11; Linux x86_64) AppleWebKit/537.36 (KHTML, like Gecko) Chrome/72.0.3626.119 Safari/537.36"
103.113.96.224 - - [03/Mar/2019:02:36:58 +0000] "GET /media/products/1572301.jpg HTTP/1.1" 200 16584 "http://13.127.1.137/products/" "Mozilla/5.0 (X11; Linux x86_64) AppleWebKit/537.36 (KHTML, like Gecko) Chrome/72.0.3626.119 Safari/537.36"
103.113.96.224 - - [03/Mar/2019:02:36:58 +0000] "GET /media/products/1534260.jpeg HTTP/1.1" 404 209 "http://13.127.1.137/products/" "Mozilla/5.0 (X11; Linux x86_64) AppleWebKit/537.36 (KHTML, like Gecko) Chrome/72.0.3626.119 Safari/537.36"
103.113.96.224 - - [03/Mar/2019:02:57:56 +0000] "GET /products/ HTTP/1.1" 200 2203 "http://13.127.1.137/" "Mozilla/5.0 (X11; Linux x86_64) AppleWebKit/537.36 (KHTML, like Gecko) Chrome/72.0.3626.119 Safari/537.36"
103.113.96.224 - - [03/Mar/2019:02:57:56 +0000] "GET /media/products/2368569.jpeg HTTP/1.1" 404 209 "http://13.127.1.137/products/" "Mozilla/5.0 (X11; Linux x86_64) AppleWebKit/537.36 (KHTML, like Gecko) Chrome/72.0.3626.119 Safari/537.36"
103.113.96.224 - - [03/Mar/2019:02:57:56 +0000] "GET /static/js/csrf.ajax.js HTTP/1.1" 304 0 "http://13.127.1.137/products/" "Mozilla/5.0 (X11; Linux x86_64) AppleWebKit/537.36 (KHTML, like Gecko) Chrome/72.0.3626.119 Safari/537.36"
103.113.96.224 - - [03/Mar/2019:02:57:56 +0000] "GET /media/products/1534260.jpeg HTTP/1.1" 404 209 "http://13.127.1.137/products/" "Mozilla/5.0 (X11; Linux x86_64) AppleWebKit/537.36 (KHTML, like Gecko) Chrome/72.0.3626.119 Safari/537.36"
103.113.96.224 - - [03/Mar/2019:02:57:56 +0000] "GET /static/js/ecommerce.js HTTP/1.1" 304 0 "http://13.127.1.137/products/" "Mozilla/5.0 (X11; Linux x86_64) AppleWebKit/537.36 (KHTML, like Gecko) Chrome/72.0.3626.119 Safari/537.36"
103.113.96.224 - - [03/Mar/2019:02:57:56 +0000] "GET /media/products/1572301.jpg HTTP/1.1" 304 0 "http://13.127.1.137/products/" "Mozilla/5.0 (X11; Linux x86_64) AppleWebKit/537.36 (KHTML, like Gecko) Chrome/72.0.3626.119 Safari/537.36"
103.113.96.224 - - [03/Mar/2019:02:57:56 +0000] "GET /media/products/1479786.jpg HTTP/1.1" 304 0 "http://13.127.1.137/products/" "Mozilla/5.0 (X11; Linux x86_64) AppleWebKit/537.36 (KHTML, like Gecko) Chrome/72.0.3626.119 Safari/537.36"
103.113.96.224 - - [03/Mar/2019:02:57:56 +0000] "GET /media/products/580884.jpg HTTP/1.1" 304 0 "http://13.127.1.137/products/" "Mozilla/5.0 (X11; Linux x86_64) AppleWebKit/537.36 (KHTML, like Gecko) Chrome/72.0.3626.119 Safari/537.36"
103.113.96.224 - - [03/Mar/2019:02:57:56 +0000] "GET /media/products/1235411.jpeg HTTP/1.1" 304 0 "http://13.127.1.137/products/" "Mozilla/5.0 (X11; Linux x86_64) AppleWebKit/537.36 (KHTML, like Gecko) Chrome/72.0.3626.119 Safari/537.36"
200.122.209.46 - - [03/Mar/2019:03:57:46 +0000] "GET / HTTP/1.1" 200 3860 "-" "Mozilla/5.0 (Macintosh; Intel Mac OS X 10_11_6) AppleWebKit/601.7.7 (KHTML, like Gecko) Version/9.1.2 Safari/601.7.7"
201.201.3.73 - - [03/Mar/2019:04:57:36 +0000] "GET / HTTP/1.1" 200 3860 "-" "Mozilla/5.0 (Macintosh; Intel Mac OS X 10_11_6) AppleWebKit/601.7.7 (KHTML, like Gecko) Version/9.1.2 Safari/601.7.7"
185.211.70.0 - - [03/Mar/2019:05:03:29 +0000] "GET / HTTP/1.1" 200 3860 "-" "Mozilla/5.0 (Macintosh; Intel Mac OS X 10_11_6) AppleWebKit/601.7.7 (KHTML, like Gecko) Version/9.1.2 Safari/601.7.7"
64.233.173.23 - - [03/Mar/2019:05:04:55 +0000] "GET / HTTP/1.1" 200 3860 "-" "Mozilla/5.0 (Linux; Android 7.0; Redmi Note 4) AppleWebKit/537.36 (KHTML, like Gecko) Chrome/72.0.3626.105 Mobile Safari/537.36"
64.233.173.25 - - [03/Mar/2019:05:04:56 +0000] "GET /static/css/main.css HTTP/1.1" 200 24 "http://13.127.1.137/" "Mozilla/5.0 (Linux; Android 7.0; Redmi Note 4) AppleWebKit/537.36 (KHTML, like Gecko) Chrome/72.0.3626.105 Mobile Safari/537.36"
64.233.173.24 - - [03/Mar/2019:05:04:56 +0000] "GET /static/image/beach.jpg HTTP/1.1" 200 12782 "http://13.127.1.137/" "Mozilla/5.0 (Linux; Android 7.0; Redmi Note 4) AppleWebKit/537.36 (KHTML, like Gecko) Chrome/72.0.3626.105 Mobile Safari/537.36"
64.233.173.23 - - [03/Mar/2019:05:04:59 +0000] "GET /static/js/csrf.ajax.js HTTP/1.1" 200 1121 "http://13.127.1.137/" "Mozilla/5.0 (Linux; Android 7.0; Redmi Note 4) AppleWebKit/537.36 (KHTML, like Gecko) Chrome/72.0.3626.105 Mobile Safari/537.36"
64.233.173.24 - - [03/Mar/2019:05:04:59 +0000] "GET /static/js/ecommerce.js HTTP/1.1" 200 5438 "http://13.127.1.137/" "Mozilla/5.0 (Linux; Android 7.0; Redmi Note 4) AppleWebKit/537.36 (KHTML, like Gecko) Chrome/72.0.3626.105 Mobile Safari/537.36"
64.233.173.23 - - [03/Mar/2019:05:05:00 +0000] "GET /favicon.ico HTTP/1.1" 404 3972 "http://13.127.1.137/" "Mozilla/5.0 (Linux; Android 7.0; Redmi Note 4) AppleWebKit/537.36 (KHTML, like Gecko) Chrome/72.0.3626.105 Mobile Safari/537.36"
66.102.6.193 - - [03/Mar/2019:05:05:05 +0000] "GET /products/ HTTP/1.1" 200 2200 "http://13.127.1.137/" "Mozilla/5.0 (Linux; Android 4.2.1; en-us; Nexus 5 Build/JOP40D) AppleWebKit/535.19 (KHTML, like Gecko; googleweblight) Chrome/38.0.1025.166 Mobile Safari/535.19"
66.102.6.193 - - [03/Mar/2019:05:05:05 +0000] "GET /media/products/2368569.jpeg HTTP/1.1" 404 209 "http://13.127.1.137/products/" "Mozilla/5.0 (Linux; Android 4.2.1; en-us; Nexus 5 Build/JOP40D) AppleWebKit/535.19 (KHTML, like Gecko; googleweblight) Chrome/38.0.1025.166 Mobile Safari/535.19"
66.102.6.195 - - [03/Mar/2019:05:05:05 +0000] "GET /static/js/ecommerce.js HTTP/1.1" 200 5438 "http://13.127.1.137/products/" "Mozilla/5.0 (Linux; Android 4.2.1; en-us; Nexus 5 Build/JOP40D) AppleWebKit/535.19 (KHTML, like Gecko; googleweblight) Chrome/38.0.1025.166 Mobile Safari/535.19"
66.102.6.195 - - [03/Mar/2019:05:05:05 +0000] "GET /media/products/1572301.jpg HTTP/1.1" 200 16584 "http://13.127.1.137/products/" "Mozilla/5.0 (Linux; Android 4.2.1; en-us; Nexus 5 Build/JOP40D) AppleWebKit/535.19 (KHTML, like Gecko; googleweblight) Chrome/38.0.1025.166 Mobile Safari/535.19"
66.102.6.223 - - [03/Mar/2019:05:05:05 +0000] "GET /static/js/csrf.ajax.js HTTP/1.1" 200 1121 "http://13.127.1.137/products/" "Mozilla/5.0 (Linux; Android 4.2.1; en-us; Nexus 5 Build/JOP40D) AppleWebKit/535.19 (KHTML, like Gecko; googleweblight) Chrome/38.0.1025.166 Mobile Safari/535.19"
66.102.6.193 - - [03/Mar/2019:05:05:05 +0000] "GET /media/products/1479786.jpg HTTP/1.1" 200 23248 "http://13.127.1.137/products/" "Mozilla/5.0 (Linux; Android 4.2.1; en-us; Nexus 5 Build/JOP40D) AppleWebKit/535.19 (KHTML, like Gecko; googleweblight) Chrome/38.0.1025.166 Mobile Safari/535.19"
66.102.6.195 - - [03/Mar/2019:05:05:05 +0000] "GET /media/products/580884.jpg HTTP/1.1" 200 18690 "http://13.127.1.137/products/" "Mozilla/5.0 (Linux; Android 4.2.1; en-us; Nexus 5 Build/JOP40D) AppleWebKit/535.19 (KHTML, like Gecko; googleweblight) Chrome/38.0.1025.166 Mobile Safari/535.19"
66.102.6.195 - - [03/Mar/2019:05:05:05 +0000] "GET /media/products/1534260.jpeg HTTP/1.1" 404 209 "http://13.127.1.137/products/" "Mozilla/5.0 (Linux; Android 4.2.1; en-us; Nexus 5 Build/JOP40D) AppleWebKit/535.19 (KHTML, like Gecko; googleweblight) Chrome/38.0.1025.166 Mobile Safari/535.19"
66.102.6.195 - - [03/Mar/2019:05:05:05 +0000] "GET /media/products/1235411.jpeg HTTP/1.1" 200 10594 "http://13.127.1.137/products/" "Mozilla/5.0 (Linux; Android 4.2.1; en-us; Nexus 5 Build/JOP40D) AppleWebKit/535.19 (KHTML, like Gecko; googleweblight) Chrome/38.0.1025.166 Mobile Safari/535.19"
66.102.6.193 - - [03/Mar/2019:05:05:06 +0000] "GET /products/hat/ HTTP/1.1" 200 1767 "-" "Mozilla/5.0 (Linux; Android 4.2.1; en-us; Nexus 5 Build/JOP40D) AppleWebKit/535.19 (KHTML, like Gecko; googleweblight) Chrome/38.0.1025.166 Mobile Safari/535.19"
66.102.6.223 - - [03/Mar/2019:05:05:06 +0000] "GET /products/computer/ HTTP/1.1" 200 1775 "-" "Mozilla/5.0 (Linux; Android 4.2.1; en-us; Nexus 5 Build/JOP40D) AppleWebKit/535.19 (KHTML, like Gecko; googleweblight) Chrome/38.0.1025.166 Mobile Safari/535.19"
66.102.6.223 - - [03/Mar/2019:05:05:06 +0000] "GET / HTTP/1.1" 200 1537 "-" "Mozilla/5.0 (Linux; Android 4.2.1; en-us; Nexus 5 Build/JOP40D) AppleWebKit/535.19 (KHTML, like Gecko; googleweblight) Chrome/38.0.1025.166 Mobile Safari/535.19"
66.102.6.195 - - [03/Mar/2019:05:05:06 +0000] "GET /media/products/1479786.jpg HTTP/1.1" 200 23248 "http://13.127.1.137/products/computer/" "Mozilla/5.0 (Linux; Android 4.2.1; en-us; Nexus 5 Build/JOP40D) AppleWebKit/535.19 (KHTML, like Gecko; googleweblight) Chrome/38.0.1025.166 Mobile Safari/535.19"
66.102.6.223 - - [03/Mar/2019:05:05:06 +0000] "GET /static/js/csrf.ajax.js HTTP/1.1" 200 1121 "http://13.127.1.137/products/computer/" "Mozilla/5.0 (Linux; Android 4.2.1; en-us; Nexus 5 Build/JOP40D) AppleWebKit/535.19 (KHTML, like Gecko; googleweblight) Chrome/38.0.1025.166 Mobile Safari/535.19"
66.102.6.193 - - [03/Mar/2019:05:05:06 +0000] "GET /static/js/ecommerce.js HTTP/1.1" 200 5438 "http://13.127.1.137/products/computer/" "Mozilla/5.0 (Linux; Android 4.2.1; en-us; Nexus 5 Build/JOP40D) AppleWebKit/535.19 (KHTML, like Gecko; googleweblight) Chrome/38.0.1025.166 Mobile Safari/535.19"
64.233.173.23 - - [03/Mar/2019:05:05:06 +0000] "GET /products/ HTTP/1.1" 200 9217 "http://13.127.1.137/" "Mozilla/5.0 (Linux; Android 7.0; Redmi Note 4) AppleWebKit/537.36 (KHTML, like Gecko) Chrome/72.0.3626.105 Mobile Safari/537.36"
64.233.173.23 - - [03/Mar/2019:05:05:06 +0000] "GET /products/ HTTP/1.1" 200 2200 "-" "Mozilla/5.0 (Linux; U; Android 4.0.3; en-us; LG-L160L Build/IML74K) AppleWebkit/537.36 (KHTML, like Gecko) Version/4.0 Chrome/41.0.2272.118 Mobile Safari/537.36"
66.102.6.193 - - [03/Mar/2019:05:05:06 +0000] "GET /static/css/main.css HTTP/1.1" 200 24 "http://13.127.1.137/" "Mozilla/5.0 (Linux; Android 4.2.1; en-us; Nexus 5 Build/JOP40D) AppleWebKit/535.19 (KHTML, like Gecko; googleweblight) Chrome/38.0.1025.166 Mobile Safari/535.19"
64.233.173.25 - - [03/Mar/2019:05:05:06 +0000] "GET /media/products/580884.jpg HTTP/1.1" 200 18690 "http://13.127.1.137/products/" "Mozilla/5.0 (Linux; U; Android 4.0.3; en-us; LG-L160L Build/IML74K) AppleWebkit/537.36 (KHTML, like Gecko) Version/4.0 Chrome/41.0.2272.118 Mobile Safari/537.36"
64.233.173.23 - - [03/Mar/2019:05:05:06 +0000] "GET /media/products/1534260.jpeg HTTP/1.1" 404 209 "http://13.127.1.137/products/" "Mozilla/5.0 (Linux; U; Android 4.0.3; en-us; LG-L160L Build/IML74K) AppleWebkit/537.36 (KHTML, like Gecko) Version/4.0 Chrome/41.0.2272.118 Mobile Safari/537.36"
64.233.173.24 - - [03/Mar/2019:05:05:06 +0000] "GET /media/products/1479786.jpg HTTP/1.1" 200 23248 "http://13.127.1.137/products/" "Mozilla/5.0 (Linux; U; Android 4.0.3; en-us; LG-L160L Build/IML74K) AppleWebkit/537.36 (KHTML, like Gecko) Version/4.0 Chrome/41.0.2272.118 Mobile Safari/537.36"
64.233.173.25 - - [03/Mar/2019:05:05:06 +0000] "GET /static/js/csrf.ajax.js HTTP/1.1" 200 1121 "http://13.127.1.137/products/" "Mozilla/5.0 (Linux; U; Android 4.0.3; en-us; LG-L160L Build/IML74K) AppleWebkit/537.36 (KHTML, like Gecko) Version/4.0 Chrome/41.0.2272.118 Mobile Safari/537.36"
64.233.173.24 - - [03/Mar/2019:05:05:06 +0000] "GET /static/js/ecommerce.js HTTP/1.1" 200 5438 "http://13.127.1.137/products/" "Mozilla/5.0 (Linux; U; Android 4.0.3; en-us; LG-L160L Build/IML74K) AppleWebkit/537.36 (KHTML, like Gecko) Version/4.0 Chrome/41.0.2272.118 Mobile Safari/537.36"
64.233.173.25 - - [03/Mar/2019:05:05:06 +0000] "GET /media/products/1235411.jpeg HTTP/1.1" 200 10594 "http://13.127.1.137/products/" "Mozilla/5.0 (Linux; U; Android 4.0.3; en-us; LG-L160L Build/IML74K) AppleWebkit/537.36 (KHTML, like Gecko) Version/4.0 Chrome/41.0.2272.118 Mobile Safari/537.36"
64.233.173.24 - - [03/Mar/2019:05:05:06 +0000] "GET /media/products/1572301.jpg HTTP/1.1" 200 16584 "http://13.127.1.137/products/" "Mozilla/5.0 (Linux; U; Android 4.0.3; en-us; LG-L160L Build/IML74K) AppleWebkit/537.36 (KHTML, like Gecko) Version/4.0 Chrome/41.0.2272.118 Mobile Safari/537.36"
64.233.173.24 - - [03/Mar/2019:05:05:06 +0000] "GET /media/products/2368569.jpeg HTTP/1.1" 404 209 "http://13.127.1.137/products/" "Mozilla/5.0 (Linux; U; Android 4.0.3; en-us; LG-L160L Build/IML74K) AppleWebkit/537.36 (KHTML, like Gecko) Version/4.0 Chrome/41.0.2272.118 Mobile Safari/537.36"
64.233.173.25 - - [03/Mar/2019:05:05:06 +0000] "GET /media/products/2368569.jpeg HTTP/1.1" 404 580 "http://13.127.1.137/products/" "Mozilla/5.0 (Linux; Android 7.0; Redmi Note 4) AppleWebKit/537.36 (KHTML, like Gecko) Chrome/72.0.3626.105 Mobile Safari/537.36"
64.233.173.23 - - [03/Mar/2019:05:05:06 +0000] "GET /media/products/1479786.jpg HTTP/1.1" 200 23248 "http://13.127.1.137/products/" "Mozilla/5.0 (Linux; Android 7.0; Redmi Note 4) AppleWebKit/537.36 (KHTML, like Gecko) Chrome/72.0.3626.105 Mobile Safari/537.36"
64.233.173.23 - - [03/Mar/2019:05:05:06 +0000] "GET /media/products/580884.jpg HTTP/1.1" 200 18690 "http://13.127.1.137/products/" "Mozilla/5.0 (Linux; Android 7.0; Redmi Note 4) AppleWebKit/537.36 (KHTML, like Gecko) Chrome/72.0.3626.105 Mobile Safari/537.36"
64.233.173.25 - - [03/Mar/2019:05:05:06 +0000] "GET /media/products/1235411.jpeg HTTP/1.1" 200 10594 "http://13.127.1.137/products/" "Mozilla/5.0 (Linux; Android 7.0; Redmi Note 4) AppleWebKit/537.36 (KHTML, like Gecko) Chrome/72.0.3626.105 Mobile Safari/537.36"
66.102.6.193 - - [03/Mar/2019:05:05:06 +0000] "GET /static/image/beach.jpg HTTP/1.1" 200 12782 "http://13.127.1.137/" "Mozilla/5.0 (Linux; Android 4.2.1; en-us; Nexus 5 Build/JOP40D) AppleWebKit/535.19 (KHTML, like Gecko; googleweblight) Chrome/38.0.1025.166 Mobile Safari/535.19"
64.233.173.24 - - [03/Mar/2019:05:05:06 +0000] "GET /media/products/1534260.jpeg HTTP/1.1" 404 580 "http://13.127.1.137/products/" "Mozilla/5.0 (Linux; Android 7.0; Redmi Note 4) AppleWebKit/537.36 (KHTML, like Gecko) Chrome/72.0.3626.105 Mobile Safari/537.36"
64.233.173.23 - - [03/Mar/2019:05:05:07 +0000] "GET /media/products/1572301.jpg HTTP/1.1" 200 16584 "http://13.127.1.137/products/" "Mozilla/5.0 (Linux; Android 7.0; Redmi Note 4) AppleWebKit/537.36 (KHTML, like Gecko) Chrome/72.0.3626.105 Mobile Safari/537.36"
66.249.82.189 - - [03/Mar/2019:05:05:07 +0000] "GET /products/ HTTP/1.1" 200 2203 "-" "Mozilla/5.0 (Linux; U; Android 4.0.3; en-us; LG-L160L Build/IML74K) AppleWebkit/537.36 (KHTML, like Gecko) Version/4.0 Chrome/Headless74.0.3712.0 Mobile Safari/537.36"
66.249.82.160 - - [03/Mar/2019:05:05:07 +0000] "GET /media/products/2368569.jpeg HTTP/1.1" 404 209 "http://13.127.1.137/products/" "Mozilla/5.0 (Linux; U; Android 4.0.3; en-us; LG-L160L Build/IML74K) AppleWebkit/537.36 (KHTML, like Gecko) Version/4.0 Chrome/Headless74.0.3712.0 Mobile Safari/537.36"
66.249.82.160 - - [03/Mar/2019:05:05:09 +0000] "GET /static/js/ecommerce.js HTTP/1.1" 200 5438 "http://13.127.1.137/products/" "Mozilla/5.0 (Linux; U; Android 4.0.3; en-us; LG-L160L Build/IML74K) AppleWebkit/537.36 (KHTML, like Gecko) Version/4.0 Chrome/Headless74.0.3712.0 Mobile Safari/537.36"
66.249.82.189 - - [03/Mar/2019:05:05:09 +0000] "GET /media/products/580884.jpg HTTP/1.1" 200 18690 "http://13.127.1.137/products/" "Mozilla/5.0 (Linux; U; Android 4.0.3; en-us; LG-L160L Build/IML74K) AppleWebkit/537.36 (KHTML, like Gecko) Version/4.0 Chrome/Headless74.0.3712.0 Mobile Safari/537.36"
66.249.82.191 - - [03/Mar/2019:05:05:09 +0000] "GET /static/js/csrf.ajax.js HTTP/1.1" 200 1121 "http://13.127.1.137/products/" "Mozilla/5.0 (Linux; U; Android 4.0.3; en-us; LG-L160L Build/IML74K) AppleWebkit/537.36 (KHTML, like Gecko) Version/4.0 Chrome/Headless74.0.3712.0 Mobile Safari/537.36"
66.249.82.160 - - [03/Mar/2019:05:05:09 +0000] "GET /media/products/1479786.jpg HTTP/1.1" 200 23248 "http://13.127.1.137/products/" "Mozilla/5.0 (Linux; U; Android 4.0.3; en-us; LG-L160L Build/IML74K) AppleWebkit/537.36 (KHTML, like Gecko) Version/4.0 Chrome/Headless74.0.3712.0 Mobile Safari/537.36"
66.249.82.160 - - [03/Mar/2019:05:05:09 +0000] "GET /media/products/1572301.jpg HTTP/1.1" 200 16584 "http://13.127.1.137/products/" "Mozilla/5.0 (Linux; U; Android 4.0.3; en-us; LG-L160L Build/IML74K) AppleWebkit/537.36 (KHTML, like Gecko) Version/4.0 Chrome/Headless74.0.3712.0 Mobile Safari/537.36"
66.249.82.160 - - [03/Mar/2019:05:05:09 +0000] "GET /media/products/1534260.jpeg HTTP/1.1" 404 209 "http://13.127.1.137/products/" "Mozilla/5.0 (Linux; U; Android 4.0.3; en-us; LG-L160L Build/IML74K) AppleWebkit/537.36 (KHTML, like Gecko) Version/4.0 Chrome/Headless74.0.3712.0 Mobile Safari/537.36"
66.249.82.191 - - [03/Mar/2019:05:05:09 +0000] "GET /media/products/1235411.jpeg HTTP/1.1" 200 10594 "http://13.127.1.137/products/" "Mozilla/5.0 (Linux; U; Android 4.0.3; en-us; LG-L160L Build/IML74K) AppleWebkit/537.36 (KHTML, like Gecko) Version/4.0 Chrome/Headless74.0.3712.0 Mobile Safari/537.36"
64.233.173.24 - - [03/Mar/2019:05:05:13 +0000] "GET / HTTP/1.1" 200 3860 "http://13.127.1.137/products/" "Mozilla/5.0 (Linux; Android 7.0; Redmi Note 4) AppleWebKit/537.36 (KHTML, like Gecko) Chrome/72.0.3626.105 Mobile Safari/537.36"
103.95.122.193 - - [03/Mar/2019:06:44:44 +0000] "GET / HTTP/1.1" 200 3860 "-" "Mozilla/5.0 (Windows NT 6.1; WOW64) AppleWebKit/537.36 (KHTML, like Gecko) Chrome/52.0.2743.116 Safari/537.36"
176.32.33.80 - - [03/Mar/2019:07:17:37 +0000] "GET / HTTP/1.1" 200 1537 "-" "python-requests/2.6.0 CPython/2.7.5 Linux/3.10.0-957.1.3.el7.x86_64"
64.233.173.23 - - [03/Mar/2019:08:59:30 +0000] "GET / HTTP/1.1" 200 3860 "http://13.127.1.137/products/" "Mozilla/5.0 (Linux; Android 7.0; Redmi Note 4) AppleWebKit/537.36 (KHTML, like Gecko) Chrome/72.0.3626.105 Mobile Safari/537.36"
64.233.173.23 - - [03/Mar/2019:08:59:31 +0000] "GET /static/image/beach.jpg HTTP/1.1" 304 0 "http://13.127.1.137/" "Mozilla/5.0 (Linux; Android 7.0; Redmi Note 4) AppleWebKit/537.36 (KHTML, like Gecko) Chrome/72.0.3626.105 Mobile Safari/537.36"
64.233.173.23 - - [03/Mar/2019:08:59:31 +0000] "GET /static/css/main.css HTTP/1.1" 304 0 "http://13.127.1.137/" "Mozilla/5.0 (Linux; Android 7.0; Redmi Note 4) AppleWebKit/537.36 (KHTML, like Gecko) Chrome/72.0.3626.105 Mobile Safari/537.36"
64.233.173.23 - - [03/Mar/2019:08:59:31 +0000] "GET /static/js/csrf.ajax.js HTTP/1.1" 304 0 "http://13.127.1.137/" "Mozilla/5.0 (Linux; Android 7.0; Redmi Note 4) AppleWebKit/537.36 (KHTML, like Gecko) Chrome/72.0.3626.105 Mobile Safari/537.36"
64.233.173.24 - - [03/Mar/2019:08:59:31 +0000] "GET /static/js/ecommerce.js HTTP/1.1" 304 0 "http://13.127.1.137/" "Mozilla/5.0 (Linux; Android 7.0; Redmi Note 4) AppleWebKit/537.36 (KHTML, like Gecko) Chrome/72.0.3626.105 Mobile Safari/537.36"
64.233.173.24 - - [03/Mar/2019:08:59:47 +0000] "GET / HTTP/1.1" 200 3860 "http://13.127.1.137/" "Mozilla/5.0 (Linux; Android 7.0; Redmi Note 4) AppleWebKit/537.36 (KHTML, like Gecko) Chrome/72.0.3626.105 Mobile Safari/537.36"
64.233.173.24 - - [03/Mar/2019:08:59:47 +0000] "GET / HTTP/1.1" 200 3860 "http://13.127.1.137/" "Mozilla/5.0 (Linux; Android 7.0; Redmi Note 4) AppleWebKit/537.36 (KHTML, like Gecko) Chrome/72.0.3626.105 Mobile Safari/537.36"
64.233.173.24 - - [03/Mar/2019:08:59:49 +0000] "GET /about/ HTTP/1.1" 200 3855 "http://13.127.1.137/" "Mozilla/5.0 (Linux; Android 7.0; Redmi Note 4) AppleWebKit/537.36 (KHTML, like Gecko) Chrome/72.0.3626.105 Mobile Safari/537.36"
64.233.173.23 - - [03/Mar/2019:09:00:01 +0000] "GET / HTTP/1.1" 200 3860 "http://13.127.1.137/about/" "Mozilla/5.0 (Linux; Android 7.0; Redmi Note 4) AppleWebKit/537.36 (KHTML, like Gecko) Chrome/72.0.3626.105 Mobile Safari/537.36"
64.233.173.24 - - [03/Mar/2019:09:00:03 +0000] "GET /about/ HTTP/1.1" 200 3855 "http://13.127.1.137/" "Mozilla/5.0 (Linux; Android 7.0; Redmi Note 4) AppleWebKit/537.36 (KHTML, like Gecko) Chrome/72.0.3626.105 Mobile Safari/537.36"
64.233.173.24 - - [03/Mar/2019:09:00:06 +0000] "GET /contact/ HTTP/1.1" 200 4613 "http://13.127.1.137/about/" "Mozilla/5.0 (Linux; Android 7.0; Redmi Note 4) AppleWebKit/537.36 (KHTML, like Gecko) Chrome/72.0.3626.105 Mobile Safari/537.36"
64.233.173.23 - - [03/Mar/2019:09:00:24 +0000] "GET / HTTP/1.1" 200 3860 "-" "Mozilla/5.0 (Linux; Android 8.1.0; Redmi Note 6 Pro) AppleWebKit/537.36 (KHTML, like Gecko) Chrome/70.0.3538.110 Mobile Safari/537.36"
64.233.173.24 - - [03/Mar/2019:09:00:24 +0000] "GET /static/css/main.css HTTP/1.1" 200 24 "http://13.127.1.137/" "Mozilla/5.0 (Linux; Android 8.1.0; Redmi Note 6 Pro) AppleWebKit/537.36 (KHTML, like Gecko) Chrome/70.0.3538.110 Mobile Safari/537.36"
64.233.173.24 - - [03/Mar/2019:09:00:24 +0000] "GET /static/image/beach.jpg HTTP/1.1" 200 12782 "http://13.127.1.137/" "Mozilla/5.0 (Linux; Android 8.1.0; Redmi Note 6 Pro) AppleWebKit/537.36 (KHTML, like Gecko) Chrome/70.0.3538.110 Mobile Safari/537.36"
64.233.173.24 - - [03/Mar/2019:09:00:25 +0000] "GET /static/js/csrf.ajax.js HTTP/1.1" 200 1121 "http://13.127.1.137/" "Mozilla/5.0 (Linux; Android 8.1.0; Redmi Note 6 Pro) AppleWebKit/537.36 (KHTML, like Gecko) Chrome/70.0.3538.110 Mobile Safari/537.36"
64.233.173.25 - - [03/Mar/2019:09:00:25 +0000] "GET /static/js/ecommerce.js HTTP/1.1" 200 5438 "http://13.127.1.137/" "Mozilla/5.0 (Linux; Android 8.1.0; Redmi Note 6 Pro) AppleWebKit/537.36 (KHTML, like Gecko) Chrome/70.0.3538.110 Mobile Safari/537.36"
64.233.173.24 - - [03/Mar/2019:09:00:26 +0000] "GET /favicon.ico HTTP/1.1" 404 3972 "http://13.127.1.137/" "Mozilla/5.0 (Linux; Android 8.1.0; Redmi Note 6 Pro) AppleWebKit/537.36 (KHTML, like Gecko) Chrome/70.0.3538.110 Mobile Safari/537.36"
157.36.141.133 - - [03/Mar/2019:09:00:45 +0000] "POST /contact/ HTTP/1.1" 500 13017 "http://13.127.1.137/contact/" "Mozilla/5.0 (Linux; Android 7.0; Redmi Note 4) AppleWebKit/537.36 (KHTML, like Gecko) Chrome/72.0.3626.105 Mobile Safari/537.36"
64.233.173.24 - - [03/Mar/2019:09:00:47 +0000] "GET / HTTP/1.1" 200 3860 "http://13.127.1.137/" "Mozilla/5.0 (Linux; Android 8.1.0; Redmi Note 6 Pro) AppleWebKit/537.36 (KHTML, like Gecko) Chrome/70.0.3538.110 Mobile Safari/537.36"
157.36.141.133 - - [03/Mar/2019:09:00:48 +0000] "POST /contact/ HTTP/1.1" 500 13017 "http://13.127.1.137/contact/" "Mozilla/5.0 (Linux; Android 7.0; Redmi Note 4) AppleWebKit/537.36 (KHTML, like Gecko) Chrome/72.0.3626.105 Mobile Safari/537.36"
157.36.141.133 - - [03/Mar/2019:09:00:50 +0000] "POST /contact/ HTTP/1.1" 500 13017 "http://13.127.1.137/contact/" "Mozilla/5.0 (Linux; Android 7.0; Redmi Note 4) AppleWebKit/537.36 (KHTML, like Gecko) Chrome/72.0.3626.105 Mobile Safari/537.36"
64.233.173.24 - - [03/Mar/2019:09:00:52 +0000] "GET /products/ HTTP/1.1" 200 9217 "http://13.127.1.137/" "Mozilla/5.0 (Linux; Android 8.1.0; Redmi Note 6 Pro) AppleWebKit/537.36 (KHTML, like Gecko) Chrome/70.0.3538.110 Mobile Safari/537.36"
64.233.173.24 - - [03/Mar/2019:09:00:52 +0000] "GET /media/products/2368569.jpeg HTTP/1.1" 404 580 "http://13.127.1.137/products/" "Mozilla/5.0 (Linux; Android 8.1.0; Redmi Note 6 Pro) AppleWebKit/537.36 (KHTML, like Gecko) Chrome/70.0.3538.110 Mobile Safari/537.36"
64.233.173.24 - - [03/Mar/2019:09:00:52 +0000] "GET /media/products/580884.jpg HTTP/1.1" 200 18690 "http://13.127.1.137/products/" "Mozilla/5.0 (Linux; Android 8.1.0; Redmi Note 6 Pro) AppleWebKit/537.36 (KHTML, like Gecko) Chrome/70.0.3538.110 Mobile Safari/537.36"
64.233.173.23 - - [03/Mar/2019:09:00:52 +0000] "GET /media/products/1479786.jpg HTTP/1.1" 200 23248 "http://13.127.1.137/products/" "Mozilla/5.0 (Linux; Android 8.1.0; Redmi Note 6 Pro) AppleWebKit/537.36 (KHTML, like Gecko) Chrome/70.0.3538.110 Mobile Safari/537.36"
64.233.173.24 - - [03/Mar/2019:09:00:52 +0000] "GET /media/products/1572301.jpg HTTP/1.1" 200 16584 "http://13.127.1.137/products/" "Mozilla/5.0 (Linux; Android 8.1.0; Redmi Note 6 Pro) AppleWebKit/537.36 (KHTML, like Gecko) Chrome/70.0.3538.110 Mobile Safari/537.36"
64.233.173.23 - - [03/Mar/2019:09:00:52 +0000] "GET /media/products/1235411.jpeg HTTP/1.1" 200 10594 "http://13.127.1.137/products/" "Mozilla/5.0 (Linux; Android 8.1.0; Redmi Note 6 Pro) AppleWebKit/537.36 (KHTML, like Gecko) Chrome/70.0.3538.110 Mobile Safari/537.36"
64.233.173.24 - - [03/Mar/2019:09:00:52 +0000] "GET /media/products/1534260.jpeg HTTP/1.1" 404 580 "http://13.127.1.137/products/" "Mozilla/5.0 (Linux; Android 8.1.0; Redmi Note 6 Pro) AppleWebKit/537.36 (KHTML, like Gecko) Chrome/70.0.3538.110 Mobile Safari/537.36"
157.36.141.133 - - [03/Mar/2019:09:00:55 +0000] "POST /contact/ HTTP/1.1" 500 13016 "http://13.127.1.137/contact/" "Mozilla/5.0 (Linux; Android 7.0; Redmi Note 4) AppleWebKit/537.36 (KHTML, like Gecko) Chrome/72.0.3626.105 Mobile Safari/537.36"
157.36.141.133 - - [03/Mar/2019:09:01:05 +0000] "POST /contact/ HTTP/1.1" 500 13022 "http://13.127.1.137/contact/" "Mozilla/5.0 (Linux; Android 7.0; Redmi Note 4) AppleWebKit/537.36 (KHTML, like Gecko) Chrome/72.0.3626.105 Mobile Safari/537.36"
64.233.173.24 - - [03/Mar/2019:09:01:12 +0000] "GET / HTTP/1.1" 200 3860 "http://13.127.1.137/" "Mozilla/5.0 (Linux; Android 8.1.0; Redmi Note 6 Pro) AppleWebKit/537.36 (KHTML, like Gecko) Chrome/70.0.3538.110 Mobile Safari/537.36"
157.36.141.133 - - [03/Mar/2019:09:01:13 +0000] "POST /contact/ HTTP/1.1" 500 13031 "http://13.127.1.137/contact/" "Mozilla/5.0 (Linux; Android 7.0; Redmi Note 4) AppleWebKit/537.36 (KHTML, like Gecko) Chrome/72.0.3626.105 Mobile Safari/537.36"
64.233.173.24 - - [03/Mar/2019:09:01:15 +0000] "GET /about/ HTTP/1.1" 200 3855 "http://13.127.1.137/" "Mozilla/5.0 (Linux; Android 8.1.0; Redmi Note 6 Pro) AppleWebKit/537.36 (KHTML, like Gecko) Chrome/70.0.3538.110 Mobile Safari/537.36"
64.233.173.23 - - [03/Mar/2019:09:01:17 +0000] "GET / HTTP/1.1" 200 3860 "http://13.127.1.137/about/" "Mozilla/5.0 (Linux; Android 8.1.0; Redmi Note 6 Pro) AppleWebKit/537.36 (KHTML, like Gecko) Chrome/70.0.3538.110 Mobile Safari/537.36"
64.233.173.25 - - [03/Mar/2019:09:01:36 +0000] "GET /about/ HTTP/1.1" 200 3855 "http://13.127.1.137/" "Mozilla/5.0 (Linux; Android 8.1.0; Redmi Note 6 Pro) AppleWebKit/537.36 (KHTML, like Gecko) Chrome/70.0.3538.110 Mobile Safari/537.36"
64.233.173.25 - - [03/Mar/2019:09:01:39 +0000] "GET /contact/ HTTP/1.1" 200 4613 "http://13.127.1.137/about/" "Mozilla/5.0 (Linux; Android 8.1.0; Redmi Note 6 Pro) AppleWebKit/537.36 (KHTML, like Gecko) Chrome/70.0.3538.110 Mobile Safari/537.36"
64.233.173.23 - - [03/Mar/2019:09:01:44 +0000] "GET /login/ HTTP/1.1" 200 4090 "http://13.127.1.137/contact/" "Mozilla/5.0 (Linux; Android 8.1.0; Redmi Note 6 Pro) AppleWebKit/537.36 (KHTML, like Gecko) Chrome/70.0.3538.110 Mobile Safari/537.36"
64.233.173.25 - - [03/Mar/2019:09:01:47 +0000] "GET /products/ HTTP/1.1" 200 9217 "http://13.127.1.137/login/" "Mozilla/5.0 (Linux; Android 8.1.0; Redmi Note 6 Pro) AppleWebKit/537.36 (KHTML, like Gecko) Chrome/70.0.3538.110 Mobile Safari/537.36"
64.233.173.23 - - [03/Mar/2019:09:01:48 +0000] "GET /media/products/2368569.jpeg HTTP/1.1" 404 580 "http://13.127.1.137/products/" "Mozilla/5.0 (Linux; Android 8.1.0; Redmi Note 6 Pro) AppleWebKit/537.36 (KHTML, like Gecko) Chrome/70.0.3538.110 Mobile Safari/537.36"
64.233.173.24 - - [03/Mar/2019:09:01:48 +0000] "GET /media/products/1534260.jpeg HTTP/1.1" 404 580 "http://13.127.1.137/products/" "Mozilla/5.0 (Linux; Android 8.1.0; Redmi Note 6 Pro) AppleWebKit/537.36 (KHTML, like Gecko) Chrome/70.0.3538.110 Mobile Safari/537.36"
64.233.173.24 - - [03/Mar/2019:09:01:57 +0000] "GET / HTTP/1.1" 200 3860 "http://13.127.1.137/products/" "Mozilla/5.0 (Linux; Android 8.1.0; Redmi Note 6 Pro) AppleWebKit/537.36 (KHTML, like Gecko) Chrome/70.0.3538.110 Mobile Safari/537.36"
64.233.173.23 - - [03/Mar/2019:09:02:05 +0000] "GET /search/?q=vik HTTP/1.1" 500 74738 "http://13.127.1.137/" "Mozilla/5.0 (Linux; Android 8.1.0; Redmi Note 6 Pro) AppleWebKit/537.36 (KHTML, like Gecko) Chrome/70.0.3538.110 Mobile Safari/537.36"
64.233.173.23 - - [03/Mar/2019:09:02:10 +0000] "GET /search/?q=vikas HTTP/1.1" 500 74764 "http://13.127.1.137/" "Mozilla/5.0 (Linux; Android 8.1.0; Redmi Note 6 Pro) AppleWebKit/537.36 (KHTML, like Gecko) Chrome/70.0.3538.110 Mobile Safari/537.36"
64.233.173.23 - - [03/Mar/2019:09:02:11 +0000] "GET /search/?q=vikas HTTP/1.1" 500 74764 "http://13.127.1.137/" "Mozilla/5.0 (Linux; Android 8.1.0; Redmi Note 6 Pro) AppleWebKit/537.36 (KHTML, like Gecko) Chrome/70.0.3538.110 Mobile Safari/537.36"
106.204.129.202 - - [03/Mar/2019:09:02:12 +0000] "GET /search/?q=vikas HTTP/1.1" 500 74603 "http://13.127.1.137/" "Mozilla/5.0 (Linux; Android 8.1.0; Redmi Note 6 Pro) AppleWebKit/537.36 (KHTML, like Gecko) Chrome/70.0.3538.110 Mobile Safari/537.36"
64.233.173.25 - - [03/Mar/2019:09:02:12 +0000] "GET /search/?q=vikas HTTP/1.1" 500 74764 "http://13.127.1.137/" "Mozilla/5.0 (Linux; Android 8.1.0; Redmi Note 6 Pro) AppleWebKit/537.36 (KHTML, like Gecko) Chrome/70.0.3538.110 Mobile Safari/537.36"
106.204.129.202 - - [03/Mar/2019:09:02:12 +0000] "GET /search/?q=vikas HTTP/1.1" 500 74603 "http://13.127.1.137/" "Mozilla/5.0 (Linux; Android 8.1.0; Redmi Note 6 Pro) AppleWebKit/537.36 (KHTML, like Gecko) Chrome/70.0.3538.110 Mobile Safari/537.36"
157.36.141.133 - - [03/Mar/2019:09:02:28 +0000] "POST /contact/ HTTP/1.1" 500 13018 "http://13.127.1.137/contact/" "Mozilla/5.0 (Linux; Android 7.0; Redmi Note 4) AppleWebKit/537.36 (KHTML, like Gecko) Chrome/72.0.3626.105 Mobile Safari/537.36"
64.233.173.25 - - [03/Mar/2019:09:02:33 +0000] "GET /register/ HTTP/1.1" 200 4425 "http://13.127.1.137/" "Mozilla/5.0 (Linux; Android 8.1.0; Redmi Note 6 Pro) AppleWebKit/537.36 (KHTML, like Gecko) Chrome/70.0.3538.110 Mobile Safari/537.36"
66.249.82.189 - - [03/Mar/2019:09:03:00 +0000] "GET /login/ HTTP/1.1" 200 4090 "http://13.127.1.137/about/" "Mozilla/5.0 (Linux; Android 7.0; Redmi Note 4) AppleWebKit/537.36 (KHTML, like Gecko) Chrome/72.0.3626.105 Mobile Safari/537.36"
157.36.141.133 - - [03/Mar/2019:09:03:06 +0000] "POST /login/ HTTP/1.1" 200 1664 "http://13.127.1.137/login/" "Mozilla/5.0 (Linux; Android 7.0; Redmi Note 4) AppleWebKit/537.36 (KHTML, like Gecko) Chrome/72.0.3626.105 Mobile Safari/537.36"
106.204.129.202 - - [03/Mar/2019:09:03:13 +0000] "POST /register/ HTTP/1.1" 302 0 "http://13.127.1.137/register/" "Mozilla/5.0 (Linux; Android 8.1.0; Redmi Note 6 Pro) AppleWebKit/537.36 (KHTML, like Gecko) Chrome/70.0.3538.110 Mobile Safari/537.36"
64.233.173.23 - - [03/Mar/2019:09:03:13 +0000] "GET /login/ HTTP/1.1" 200 4090 "http://13.127.1.137/register/" "Mozilla/5.0 (Linux; Android 8.1.0; Redmi Note 6 Pro) AppleWebKit/537.36 (KHTML, like Gecko) Chrome/70.0.3538.110 Mobile Safari/537.36"
66.249.82.191 - - [03/Mar/2019:09:03:14 +0000] "GET /login/ HTTP/1.1" 200 4090 "http://13.127.1.137/about/" "Mozilla/5.0 (Linux; Android 7.0; Redmi Note 4) AppleWebKit/537.36 (KHTML, like Gecko) Chrome/72.0.3626.105 Mobile Safari/537.36"
157.36.78.65 - - [03/Mar/2019:09:03:15 +0000] "GET / HTTP/1.1" 200 1537 "-" "Mozilla/5.0 (X11; Linux x86_64) AppleWebKit/537.36 (KHTML, like Gecko) Chrome/72.0.3626.109 Safari/537.36"
157.36.78.65 - - [03/Mar/2019:09:03:15 +0000] "GET /static/css/main.css HTTP/1.1" 200 24 "http://13.127.1.137/" "Mozilla/5.0 (X11; Linux x86_64) AppleWebKit/537.36 (KHTML, like Gecko) Chrome/72.0.3626.109 Safari/537.36"
157.36.78.65 - - [03/Mar/2019:09:03:15 +0000] "GET /static/image/beach.jpg HTTP/1.1" 200 12782 "http://13.127.1.137/" "Mozilla/5.0 (X11; Linux x86_64) AppleWebKit/537.36 (KHTML, like Gecko) Chrome/72.0.3626.109 Safari/537.36"
157.36.78.65 - - [03/Mar/2019:09:03:16 +0000] "GET /static/js/csrf.ajax.js HTTP/1.1" 200 1121 "http://13.127.1.137/" "Mozilla/5.0 (X11; Linux x86_64) AppleWebKit/537.36 (KHTML, like Gecko) Chrome/72.0.3626.109 Safari/537.36"
157.36.78.65 - - [03/Mar/2019:09:03:16 +0000] "GET /static/js/ecommerce.js HTTP/1.1" 200 5438 "http://13.127.1.137/" "Mozilla/5.0 (X11; Linux x86_64) AppleWebKit/537.36 (KHTML, like Gecko) Chrome/72.0.3626.109 Safari/537.36"
157.36.78.65 - - [03/Mar/2019:09:03:17 +0000] "GET /favicon.ico HTTP/1.1" 404 1199 "http://13.127.1.137/" "Mozilla/5.0 (X11; Linux x86_64) AppleWebKit/537.36 (KHTML, like Gecko) Chrome/72.0.3626.109 Safari/537.36"
66.249.82.189 - - [03/Mar/2019:09:03:20 +0000] "GET /products/ HTTP/1.1" 200 9217 "http://13.127.1.137/about/" "Mozilla/5.0 (Linux; Android 7.0; Redmi Note 4) AppleWebKit/537.36 (KHTML, like Gecko) Chrome/72.0.3626.105 Mobile Safari/537.36"
157.36.78.65 - - [03/Mar/2019:09:03:20 +0000] "GET /login/ HTTP/1.1" 200 1634 "http://13.127.1.137/" "Mozilla/5.0 (X11; Linux x86_64) AppleWebKit/537.36 (KHTML, like Gecko) Chrome/72.0.3626.109 Safari/537.36"
66.249.82.191 - - [03/Mar/2019:09:03:20 +0000] "GET /media/products/2368569.jpeg HTTP/1.1" 404 580 "http://13.127.1.137/products/" "Mozilla/5.0 (Linux; Android 7.0; Redmi Note 4) AppleWebKit/537.36 (KHTML, like Gecko) Chrome/72.0.3626.105 Mobile Safari/537.36"
66.249.82.189 - - [03/Mar/2019:09:03:20 +0000] "GET /media/products/1479786.jpg HTTP/1.1" 200 23248 "http://13.127.1.137/products/" "Mozilla/5.0 (Linux; Android 7.0; Redmi Note 4) AppleWebKit/537.36 (KHTML, like Gecko) Chrome/72.0.3626.105 Mobile Safari/537.36"
66.249.82.160 - - [03/Mar/2019:09:03:20 +0000] "GET /media/products/1534260.jpeg HTTP/1.1" 404 580 "http://13.127.1.137/products/" "Mozilla/5.0 (Linux; Android 7.0; Redmi Note 4) AppleWebKit/537.36 (KHTML, like Gecko) Chrome/72.0.3626.105 Mobile Safari/537.36"
66.249.82.191 - - [03/Mar/2019:09:03:20 +0000] "GET /media/products/580884.jpg HTTP/1.1" 200 18690 "http://13.127.1.137/products/" "Mozilla/5.0 (Linux; Android 7.0; Redmi Note 4) AppleWebKit/537.36 (KHTML, like Gecko) Chrome/72.0.3626.105 Mobile Safari/537.36"
66.249.82.191 - - [03/Mar/2019:09:03:20 +0000] "GET /media/products/1572301.jpg HTTP/1.1" 200 16584 "http://13.127.1.137/products/" "Mozilla/5.0 (Linux; Android 7.0; Redmi Note 4) AppleWebKit/537.36 (KHTML, like Gecko) Chrome/72.0.3626.105 Mobile Safari/537.36"
66.249.82.191 - - [03/Mar/2019:09:03:20 +0000] "GET /media/products/1235411.jpeg HTTP/1.1" 200 10594 "http://13.127.1.137/products/" "Mozilla/5.0 (Linux; Android 7.0; Redmi Note 4) AppleWebKit/537.36 (KHTML, like Gecko) Chrome/72.0.3626.105 Mobile Safari/537.36"
106.204.129.202 - - [03/Mar/2019:09:03:24 +0000] "POST /login/ HTTP/1.1" 302 0 "http://13.127.1.137/login/" "Mozilla/5.0 (Linux; Android 8.1.0; Redmi Note 6 Pro) AppleWebKit/537.36 (KHTML, like Gecko) Chrome/70.0.3538.110 Mobile Safari/537.36"
66.249.82.191 - - [03/Mar/2019:09:03:25 +0000] "GET / HTTP/1.1" 200 3783 "http://13.127.1.137/login/" "Mozilla/5.0 (Linux; Android 8.1.0; Redmi Note 6 Pro) AppleWebKit/537.36 (KHTML, like Gecko) Chrome/70.0.3538.110 Mobile Safari/537.36"
66.249.82.191 - - [03/Mar/2019:09:03:38 +0000] "GET /contact/ HTTP/1.1" 200 4613 "http://13.127.1.137/products/" "Mozilla/5.0 (Linux; Android 7.0; Redmi Note 4) AppleWebKit/537.36 (KHTML, like Gecko) Chrome/72.0.3626.105 Mobile Safari/537.36"
157.36.78.65 - - [03/Mar/2019:09:03:41 +0000] "POST /login/ HTTP/1.1" 200 1656 "http://13.127.1.137/login/" "Mozilla/5.0 (X11; Linux x86_64) AppleWebKit/537.36 (KHTML, like Gecko) Chrome/72.0.3626.109 Safari/537.36"
66.249.82.191 - - [03/Mar/2019:09:03:47 +0000] "GET /contact/ HTTP/1.1" 200 4476 "http://13.127.1.137/" "Mozilla/5.0 (Linux; Android 8.1.0; Redmi Note 6 Pro) AppleWebKit/537.36 (KHTML, like Gecko) Chrome/70.0.3538.110 Mobile Safari/537.36"
157.36.78.65 - - [03/Mar/2019:09:03:49 +0000] "GET /register/ HTTP/1.1" 200 1721 "http://13.127.1.137/login/" "Mozilla/5.0 (X11; Linux x86_64) AppleWebKit/537.36 (KHTML, like Gecko) Chrome/72.0.3626.109 Safari/537.36"
66.249.82.189 - - [03/Mar/2019:09:03:58 +0000] "GET /login/ HTTP/1.1" 200 4090 "http://13.127.1.137/products/" "Mozilla/5.0 (Linux; Android 7.0; Redmi Note 4) AppleWebKit/537.36 (KHTML, like Gecko) Chrome/72.0.3626.105 Mobile Safari/537.36"
66.249.82.189 - - [03/Mar/2019:09:04:00 +0000] "GET /register/ HTTP/1.1" 200 4425 "http://13.127.1.137/login/" "Mozilla/5.0 (Linux; Android 7.0; Redmi Note 4) AppleWebKit/537.36 (KHTML, like Gecko) Chrome/72.0.3626.105 Mobile Safari/537.36"
106.204.129.202 - - [03/Mar/2019:09:04:10 +0000] "POST /contact/ HTTP/1.1" 500 12987 "http://13.127.1.137/contact/" "Mozilla/5.0 (Linux; Android 8.1.0; Redmi Note 6 Pro) AppleWebKit/537.36 (KHTML, like Gecko) Chrome/70.0.3538.110 Mobile Safari/537.36"
106.204.129.202 - - [03/Mar/2019:09:04:10 +0000] "POST /contact/ HTTP/1.1" 500 12987 "http://13.127.1.137/contact/" "Mozilla/5.0 (Linux; Android 8.1.0; Redmi Note 6 Pro) AppleWebKit/537.36 (KHTML, like Gecko) Chrome/70.0.3538.110 Mobile Safari/537.36"
106.204.129.202 - - [03/Mar/2019:09:04:11 +0000] "POST /contact/ HTTP/1.1" 500 12987 "http://13.127.1.137/contact/" "Mozilla/5.0 (Linux; Android 8.1.0; Redmi Note 6 Pro) AppleWebKit/537.36 (KHTML, like Gecko) Chrome/70.0.3538.110 Mobile Safari/537.36"
157.36.78.65 - - [03/Mar/2019:09:04:27 +0000] "POST /register/ HTTP/1.1" 302 0 "http://13.127.1.137/register/" "Mozilla/5.0 (X11; Linux x86_64) AppleWebKit/537.36 (KHTML, like Gecko) Chrome/72.0.3626.109 Safari/537.36"
157.36.141.133 - - [03/Mar/2019:09:04:27 +0000] "POST /register/ HTTP/1.1" 302 0 "http://13.127.1.137/register/" "Mozilla/5.0 (Linux; Android 7.0; Redmi Note 4) AppleWebKit/537.36 (KHTML, like Gecko) Chrome/72.0.3626.105 Mobile Safari/537.36"
157.36.78.65 - - [03/Mar/2019:09:04:27 +0000] "GET /login/ HTTP/1.1" 200 1635 "http://13.127.1.137/register/" "Mozilla/5.0 (X11; Linux x86_64) AppleWebKit/537.36 (KHTML, like Gecko) Chrome/72.0.3626.109 Safari/537.36"
66.249.82.191 - - [03/Mar/2019:09:04:27 +0000] "GET /login/ HTTP/1.1" 200 4090 "http://13.127.1.137/register/" "Mozilla/5.0 (Linux; Android 7.0; Redmi Note 4) AppleWebKit/537.36 (KHTML, like Gecko) Chrome/72.0.3626.105 Mobile Safari/537.36"
66.249.82.189 - - [03/Mar/2019:09:04:31 +0000] "GET /cart/ HTTP/1.1" 200 3518 "http://13.127.1.137/" "Mozilla/5.0 (Linux; Android 8.1.0; Redmi Note 6 Pro) AppleWebKit/537.36 (KHTML, like Gecko) Chrome/70.0.3538.110 Mobile Safari/537.36"
157.36.141.133 - - [03/Mar/2019:09:04:33 +0000] "POST /login/ HTTP/1.1" 302 0 "http://13.127.1.137/login/" "Mozilla/5.0 (Linux; Android 7.0; Redmi Note 4) AppleWebKit/537.36 (KHTML, like Gecko) Chrome/72.0.3626.105 Mobile Safari/537.36"
66.249.82.189 - - [03/Mar/2019:09:04:33 +0000] "GET / HTTP/1.1" 200 3783 "http://13.127.1.137/login/" "Mozilla/5.0 (Linux; Android 7.0; Redmi Note 4) AppleWebKit/537.36 (KHTML, like Gecko) Chrome/72.0.3626.105 Mobile Safari/537.36"
66.249.82.189 - - [03/Mar/2019:09:04:36 +0000] "GET /contact/ HTTP/1.1" 200 4476 "http://13.127.1.137/" "Mozilla/5.0 (Linux; Android 7.0; Redmi Note 4) AppleWebKit/537.36 (KHTML, like Gecko) Chrome/72.0.3626.105 Mobile Safari/537.36"
66.249.82.189 - - [03/Mar/2019:09:04:42 +0000] "GET /contact/ HTTP/1.1" 200 4476 "http://13.127.1.137/" "Mozilla/5.0 (Linux; Android 8.1.0; Redmi Note 6 Pro) AppleWebKit/537.36 (KHTML, like Gecko) Chrome/70.0.3538.110 Mobile Safari/537.36"
66.249.82.160 - - [03/Mar/2019:09:04:45 +0000] "GET /about/ HTTP/1.1" 200 3774 "http://13.127.1.137/contact/" "Mozilla/5.0 (Linux; Android 8.1.0; Redmi Note 6 Pro) AppleWebKit/537.36 (KHTML, like Gecko) Chrome/70.0.3538.110 Mobile Safari/537.36"
157.36.78.65 - - [03/Mar/2019:09:04:45 +0000] "GET /login/ HTTP/1.1" 200 1635 "http://13.127.1.137/login/" "Mozilla/5.0 (X11; Linux x86_64) AppleWebKit/537.36 (KHTML, like Gecko) Chrome/72.0.3626.109 Safari/537.36"
66.249.82.189 - - [03/Mar/2019:09:04:47 +0000] "GET / HTTP/1.1" 200 3783 "http://13.127.1.137/about/" "Mozilla/5.0 (Linux; Android 8.1.0; Redmi Note 6 Pro) AppleWebKit/537.36 (KHTML, like Gecko) Chrome/70.0.3538.110 Mobile Safari/537.36"
66.249.82.191 - - [03/Mar/2019:09:04:51 +0000] "GET /cart/ HTTP/1.1" 200 3518 "http://13.127.1.137/" "Mozilla/5.0 (Linux; Android 8.1.0; Redmi Note 6 Pro) AppleWebKit/537.36 (KHTML, like Gecko) Chrome/70.0.3538.110 Mobile Safari/537.36"
157.36.78.65 - - [03/Mar/2019:09:04:56 +0000] "POST /login/ HTTP/1.1" 302 0 "http://13.127.1.137/login/" "Mozilla/5.0 (X11; Linux x86_64) AppleWebKit/537.36 (KHTML, like Gecko) Chrome/72.0.3626.109 Safari/537.36"
157.36.78.65 - - [03/Mar/2019:09:04:56 +0000] "GET / HTTP/1.1" 200 1537 "http://13.127.1.137/login/" "Mozilla/5.0 (X11; Linux x86_64) AppleWebKit/537.36 (KHTML, like Gecko) Chrome/72.0.3626.109 Safari/537.36"
66.249.82.160 - - [03/Mar/2019:09:04:57 +0000] "GET /products/ HTTP/1.1" 200 9080 "http://13.127.1.137/cart/" "Mozilla/5.0 (Linux; Android 8.1.0; Redmi Note 6 Pro) AppleWebKit/537.36 (KHTML, like Gecko) Chrome/70.0.3538.110 Mobile Safari/537.36"
